// Jest Snapshot v1, https://goo.gl/fbAQLP

exports[`<EligibilityRuleDetails> calls custom hook call custom hooks with global parameters correctly 1`] = `
<DocumentFragment>
  <div
    aria-label="Getting Offer Details"
    aria-valuemax="100"
    aria-valuemin="0"
    class="_spectrum-CircleLoader_40b43 _spectrum-CircleLoader--indeterminate_40b43"
    id="offer-details-progress-circle"
    role="progressbar"
  >
    <div
      class="_spectrum-CircleLoader-track_40b43"
    />
    <div
      class="_spectrum-CircleLoader-fills_40b43"
    >
      <div
        class="_spectrum-CircleLoader-fillMask1_40b43"
      >
        <div
          class="_spectrum-CircleLoader-fillSubMask1_40b43"
        >
          <div
            class="_spectrum-CircleLoader-fill_40b43"
          />
        </div>
      </div>
      <div
        class="_spectrum-CircleLoader-fillMask2_40b43"
      >
        <div
          class="_spectrum-CircleLoader-fillSubMask2_40b43"
        >
          <div
            class="_spectrum-CircleLoader-fill_40b43"
          />
        </div>
      </div>
    </div>
  </div>
</DocumentFragment>
`;

exports[`<EligibilityRuleDetails> calls custom hook call custom hooks with global parameters correctly 2`] = `
<DocumentFragment>
  <div
    aria-label="Getting Offer Details"
    aria-valuemax="100"
    aria-valuemin="0"
    class="_spectrum-CircleLoader_40b43 _spectrum-CircleLoader--indeterminate_40b43"
    id="offer-details-progress-circle"
    role="progressbar"
  >
    <div
      class="_spectrum-CircleLoader-track_40b43"
    />
    <div
      class="_spectrum-CircleLoader-fills_40b43"
    >
      <div
        class="_spectrum-CircleLoader-fillMask1_40b43"
      >
        <div
          class="_spectrum-CircleLoader-fillSubMask1_40b43"
        >
          <div
            class="_spectrum-CircleLoader-fill_40b43"
          />
        </div>
      </div>
      <div
        class="_spectrum-CircleLoader-fillMask2_40b43"
      >
        <div
          class="_spectrum-CircleLoader-fillSubMask2_40b43"
        >
          <div
            class="_spectrum-CircleLoader-fill_40b43"
          />
        </div>
      </div>
    </div>
  </div>
</DocumentFragment>
`;

exports[`<EligibilityRuleDetails> on data renders correctly on no data 1`] = `
<DocumentFragment>
  <div>
    <div
      class="_spectrum-Well_daead"
      role="ruleDetails"
    >
      <h3>
        Decision Rule Details
      </h3>
      <p>
        <strong>
          No Details found.
        </strong>
      </p>
    </div>
  </div>
</DocumentFragment>
`;

exports[`<EligibilityRuleDetails> on error renders correctly on error 1`] = `
<DocumentFragment>
  <div
    class="_flex_ffbb7 _spectrum-IllustratedMessage_5a24b"
  >
    <svg
      aria-hidden="true"
      height="94"
      width="146.569"
    >
      <g
        transform="translate(-392.731 -2966.5)"
      >
        <path
          d="M415.8 2988v-18a2.006 2.006 0 012-2h118a2.006 2.006 0 012 2v23a2.006 2.006 0 01-2 2h-110M428.8 3000h107a2.006 2.006 0 012 2v23a2.006 2.006 0 01-2 2h-92M443.8 3032h92a2.006 2.006 0 012 2v23a2.006 2.006 0 01-2 2h-118a2.006 2.006 0 01-2-2v-20M526.8 3028v3M526.8 2996v3"
          fill="none"
          stroke-linecap="round"
          stroke-linejoin="round"
          stroke-miterlimit="10"
          stroke-width="3"
        />
        <circle
          cx="4"
          cy="4"
          fill="none"
          r="4"
          stroke-linecap="round"
          stroke-linejoin="round"
          stroke-miterlimit="10"
          stroke-width="2"
          transform="translate(522.8 2977.5)"
        />
        <circle
          cx="4"
          cy="4"
          fill="none"
          r="4"
          stroke-linecap="round"
          stroke-linejoin="round"
          stroke-miterlimit="10"
          stroke-width="2"
          transform="translate(522.8 3010)"
        />
        <circle
          cx="4"
          cy="4"
          fill="none"
          r="4"
          stroke-linecap="round"
          stroke-linejoin="round"
          stroke-miterlimit="10"
          stroke-width="2"
          transform="translate(522.8 3041.5)"
        />
        <path
          d="M413.1 2995.5l-18.4 31.1a2.916 2.916 0 002.6 4.4h36.9a2.933 2.933 0 002.6-4.4l-18.4-31.1a3.091 3.091 0 00-5.3 0zM415.8 3016.2v-6.9"
          fill="none"
          stroke-linecap="round"
          stroke-linejoin="round"
          stroke-miterlimit="10"
          stroke-width="3"
        />
        <circle
          cx="1.9"
          cy="1.9"
          r="1.9"
          stroke="none"
          transform="translate(413.9 3020.3)"
        />
      </g>
    </svg>
    <h3
      class="_spectrum-IllustratedMessage-heading_5a24b"
    >
      Error 500: Internal server error
    </h3>
    <section
      class="_spectrum-IllustratedMessage-description_5a24b"
    >
      Something went wrong. Please try again later.
    </section>
    <section
      class="_spectrum-IllustratedMessage-description_5a24b"
    >
      fake-error-message
    </section>
  </div>
</DocumentFragment>
`;

exports[`<EligibilityRuleDetails> on load renders correctly on load 1`] = `
<DocumentFragment>
  <div
    aria-label="Getting Offer Details"
    aria-valuemax="100"
    aria-valuemin="0"
    class="_spectrum-CircleLoader_40b43 _spectrum-CircleLoader--indeterminate_40b43"
    id="offer-details-progress-circle"
    role="progressbar"
  >
    <div
      class="_spectrum-CircleLoader-track_40b43"
    />
    <div
      class="_spectrum-CircleLoader-fills_40b43"
    >
      <div
        class="_spectrum-CircleLoader-fillMask1_40b43"
      >
        <div
          class="_spectrum-CircleLoader-fillSubMask1_40b43"
        >
          <div
            class="_spectrum-CircleLoader-fill_40b43"
          />
        </div>
      </div>
      <div
        class="_spectrum-CircleLoader-fillMask2_40b43"
      >
        <div
          class="_spectrum-CircleLoader-fillSubMask2_40b43"
        >
          <div
            class="_spectrum-CircleLoader-fill_40b43"
          />
        </div>
      </div>
    </div>
  </div>
</DocumentFragment>
`;
